warning: in the working copy of 'client/App.tsx', LF will be replaced by CRLF the next time Git touches it
warning: in the working copy of 'client/Settings.tsx', LF will be replaced by CRLF the next time Git touches it
warning: in the working copy of 'client/Setup.tsx', LF will be replaced by CRLF the next time Git touches it
warning: in the working copy of 'client/Workspace.tsx', LF will be replaced by CRLF the next time Git touches it
warning: in the working copy of 'client/components.tsx', LF will be replaced by CRLF the next time Git touches it
warning: in the working copy of 'client/connections/desktop.css', LF will be replaced by CRLF the next time Git touches it
warning: in the working copy of 'client/console/BoardView.tsx', LF will be replaced by CRLF the next time Git touches it
warning: in the working copy of 'client/console/Ledger.tsx', LF will be replaced by CRLF the next time Git touches it
warning: in the working copy of 'client/console/Need.tsx', LF will be replaced by CRLF the next time Git touches it
warning: in the working copy of 'client/console/Palette.tsx', LF will be replaced by CRLF the next time Git touches it
warning: in the working copy of 'client/console/Picker.tsx', LF will be replaced by CRLF the next time Git touches it
warning: in the working copy of 'client/console/Shell.tsx', LF will be replaced by CRLF the next time Git touches it
warning: in the working copy of 'client/console/ThreadView.tsx', LF will be replaced by CRLF the next time Git touches it
warning: in the working copy of 'client/console/board.css', LF will be replaced by CRLF the next time Git touches it
warning: in the working copy of 'client/console/console.css', LF will be replaced by CRLF the next time Git touches it
warning: in the working copy of 'client/console/palette.css', LF will be replaced by CRLF the next time Git touches it
warning: in the working copy of 'client/console/team.css', LF will be replaced by CRLF the next time Git touches it
warning: in the working copy of 'client/styles.css', LF will be replaced by CRLF the next time Git touches it
warning: in the working copy of 'client/work-start.ts', LF will be replaced by CRLF the next time Git touches it
warning: in the working copy of 'desktop/main.mjs', LF will be replaced by CRLF the next time Git touches it
warning: in the working copy of 'playwright.config.ts', LF will be replaced by CRLF the next time Git touches it
warning: in the working copy of 'server/app.ts', LF will be replaced by CRLF the next time Git touches it
warning: in the working copy of 'server/approval-admission.ts', LF will be replaced by CRLF the next time Git touches it
warning: in the working copy of 'server/discovery.ts', LF will be replaced by CRLF the next time Git touches it
warning: in the working copy of 'server/harness/bridge.ts', LF will be replaced by CRLF the next time Git touches it
warning: in the working copy of 'server/harness/native-agent.ts', LF will be replaced by CRLF the next time Git touches it
warning: in the working copy of 'server/integrations.ts', LF will be replaced by CRLF the next time Git touches it
warning: in the working copy of 'server/models.ts', LF will be replaced by CRLF the next time Git touches it
warning: in the working copy of 'server/native-work.ts', LF will be replaced by CRLF the next time Git touches it
warning: in the working copy of 'server/store.ts', LF will be replaced by CRLF the next time Git touches it
warning: in the working copy of 'server/work-admission.ts', LF will be replaced by CRLF the next time Git touches it
warning: in the working copy of 'shared/types.ts', LF will be replaced by CRLF the next time Git touches it
warning: in the working copy of 'tests/discovery.test.ts', LF will be replaced by CRLF the next time Git touches it
warning: in the working copy of 'tests/field.spec.ts', LF will be replaced by CRLF the next time Git touches it
warning: in the working copy of 'tests/native-ui.spec.ts', LF will be replaced by CRLF the next time Git touches it
warning: in the working copy of 'tests/native-work.test.ts', LF will be replaced by CRLF the next time Git touches it
warning: in the working copy of 'tests/ui.spec.ts', LF will be replaced by CRLF the next time Git touches it
