dev-server guard: ports 5174, 47632 already free
[WebServer] Diomedes: http://127.0.0.1:5174. Press Ctrl+C to stop both local processes.
[WebServer] 
[WebServer]   VITE v7.3.6  ready in 167 ms
[WebServer] 
[WebServer]   ➜  Local:   http://127.0.0.1:5174/
[WebServer] 1:03:52 AM [vite] http proxy error: /api/settings
[WebServer] Error: connect ECONNREFUSED 127.0.0.1:47632
[WebServer]     at TCPConnectWrap.afterConnect [as oncomplete] (node:net:1638:16)
[WebServer] 1:03:52 AM [vite] http proxy error: /api/settings
[WebServer] Error: connect ECONNREFUSED 127.0.0.1:47632
[WebServer]     at TCPConnectWrap.afterConnect [as oncomplete] (node:net:1638:16)
[WebServer] 1:03:53 AM [vite] http proxy error: /api/settings
[WebServer] Error: connect ECONNREFUSED 127.0.0.1:47632
[WebServer]     at TCPConnectWrap.afterConnect [as oncomplete] (node:net:1638:16)
[WebServer] Diomedes local service ready: http://127.0.0.1:47632
[WebServer] App data: /Users/andrewgodowsky/dev/diomedes-reset-boundary-verify/test-results/app-data-1790831031922-76115/data
[WebServer] Project root: /Users/andrewgodowsky/dev/diomedes-reset-boundary-verify/test-results/app-data-1790831031922-76115/projects

Running 36 tests using 1 worker

  ✘   1 tests/field.spec.ts:115:1 › C01: the rail lists threads, carries New, marks the selection, and offers the three views (1ms)
  -   2 tests/field.spec.ts:135:1 › C02: the view switch swaps Thread, Board, and Team
  -   3 tests/field.spec.ts:150:1 › C03: the Board shows the Ready task, and Show-me-first confirms instead of starting
  -   4 tests/field.spec.ts:180:1 › C04: the palette finds and filters, Escape closes, and outside a project Ctrl+K finds a project
  -   5 tests/field.spec.ts:209:1 › C05: the wake is skipped under automation
  -   6 tests/field.spec.ts:216:1 › C06: the Ember scheme applies its package and token, then Field is restored
  -   7 tests/field.spec.ts:241:1 › C07: the thread head states the exact-OK rule while an approval is open
  -   8 tests/field.spec.ts:287:1 › C08: a mode chosen on the Projects page arrives with the ask
  ✘   9 tests/native-ui.spec.ts:130:1 › Native UI: consent, exact proposal preview, approval, Review and History with an injected generator (1ms)
  ✘  10 tests/native-ui.spec.ts:239:1 › Console task Start recovers both lost responses from state without duplicating Work (1ms)
  ✘  11 tests/native-ui.spec.ts:306:1 › Console exact approval recovers both lost responses from durable state even with task permission (0ms)
  ✘  12 tests/native-ui.spec.ts:370:1 › Console New task makes a task, Ready shows it, and Start admits one run (0ms)
  ✘  13 tests/native-ui.spec.ts:414:1 › Console retries a lost task creation response after reload and shows the durable receipt (0ms)
  ✘  14 tests/native-ui.spec.ts:474:1 › Console closes a confirmed creation even if refreshing the Board fails (0ms)
  ✘  15 tests/native-ui.spec.ts:499:1 › Console Start again restarts a faulted task through the same admission (0ms)
  ✘  16 tests/native-ui.spec.ts:539:3 › Console document selection at creation proposes the exact file and retains History attribution (0ms)
  ✘  17 tests/native-ui.spec.ts:539:3 › Console document selection at start proposes the exact file and retains History attribution (1ms)
  ✘  18 tests/native-ui.spec.ts:626:1 › Console document selection blocks stale paths and listing failures without admitting work (1ms)
  ✘  19 tests/native-ui.spec.ts:662:1 › Cloud sharing selects an exact future path before AI review can send it (0ms)
  ✘  20 tests/ui.spec.ts:218:1 › F01-F02: first run preserves detail and approvals, supports AI skip, and resumes (4ms)
  -  21 tests/ui.spec.ts:402:1 › F04, F06: sample project opens and a plan edit survives reload with History
  -  22 tests/ui.spec.ts:470:1 › F10: plan steps become real tasks with provenance and a History entry
  -  23 tests/ui.spec.ts:518:1 › F11-F13: work asks twice, decline skips creation, and the remaining change is recorded
  -  24 tests/ui.spec.ts:628:1 › F15-F16: Review keeps the changed file and History exposes the recorded change
  -  25 tests/ui.spec.ts:675:1 › F07-F08: restore and undo recover both versions; newer edits are a conflict
  -  26 tests/ui.spec.ts:718:1 › F14: Stop settles a started sample promptly and expires its approval
  -  27 tests/ui.spec.ts:748:1 › F17, F20-F22: detail changes preserve data; the Console meets layout and motion checks
  -  28 tests/ui.spec.ts:902:1 › Draft recovery: Settings, reload and same-named files in separate projects preserve writing and stale-save conflicts
  -  29 tests/ui.spec.ts:1052:1 › Services roster: every reported engine listed with switch discipline at every detail level; Console has no Connections
  -  30 tests/ui.spec.ts:1128:1 › Usage: chip, signal bar and Settings bars from the test-mode snapshot
  -  31 tests/ui.spec.ts:1201:1 › Landing: ask box carries a draft into the chosen project
  -  32 tests/ui.spec.ts:1261:1 › Unavailable helper: the application notice has no invented runtime caption
  -  33 tests/ui.spec.ts:1277:1 › Engine choices: the list comes from the engine, and the levels follow the choice
  -  34 tests/ui.spec.ts:1386:1 › Modes: the Console composer shows four modes and Fix needs what is failing
  -  35 tests/ui.spec.ts:1459:1 › Enter sends from the Console composer and Shift+Enter adds a line
  -  36 tests/ui.spec.ts:1492:1 › Usage: a settings save preserves a concurrent engine setting while refresh is delayed


  1) tests/field.spec.ts:115:1 › C01: the rail lists threads, carries New, marks the selection, and offers the three views 

    Error: browserType.launch: Executable doesn't exist at /Users/andrewgodowsky/Library/Caches/ms-playwright/chromium_headless_shell-1243/chrome-headless-shell-mac-arm64/chrome-headless-shell
    ╔════════════════════════════════════════════════════════════╗
    ║ Looks like Playwright was just installed or updated.       ║
    ║ Please run the following command to download new browsers: ║
    ║                                                            ║
    ║     npx playwright install                                 ║
    ║                                                            ║
    ║ <3 Playwright Team                                         ║
    ╚════════════════════════════════════════════════════════════╝

    Error Context: test-results/browser/field-C01-the-rail-lists-t-547bd--and-offers-the-three-views/error-context.md

    Error Context: test-results/browser/field-C01-the-rail-lists-t-547bd--and-offers-the-three-views/error-context.md

    attachment #3: trace (application/zip) ─────────────────────────────────────────────────────────
    test-results/browser/field-C01-the-rail-lists-t-547bd--and-offers-the-three-views/trace.zip
    Usage:

        npx playwright show-trace test-results/browser/field-C01-the-rail-lists-t-547bd--and-offers-the-three-views/trace.zip

    ────────────────────────────────────────────────────────────────────────────────────────────────

  2) tests/native-ui.spec.ts:130:1 › Native UI: consent, exact proposal preview, approval, Review and History with an injected generator 

    Error: browserType.launch: Executable doesn't exist at /Users/andrewgodowsky/Library/Caches/ms-playwright/chromium_headless_shell-1243/chrome-headless-shell-mac-arm64/chrome-headless-shell
    ╔════════════════════════════════════════════════════════════╗
    ║ Looks like Playwright was just installed or updated.       ║
    ║ Please run the following command to download new browsers: ║
    ║                                                            ║
    ║     npx playwright install                                 ║
    ║                                                            ║
    ║ <3 Playwright Team                                         ║
    ╚════════════════════════════════════════════════════════════╝

    Error Context: test-results/browser/native-ui-Native-UI-consen-8e078--with-an-injected-generator/error-context.md

    Error Context: test-results/browser/native-ui-Native-UI-consen-8e078--with-an-injected-generator/error-context.md

    attachment #3: trace (application/zip) ─────────────────────────────────────────────────────────
    test-results/browser/native-ui-Native-UI-consen-8e078--with-an-injected-generator/trace.zip
    Usage:

        npx playwright show-trace test-results/browser/native-ui-Native-UI-consen-8e078--with-an-injected-generator/trace.zip

    ────────────────────────────────────────────────────────────────────────────────────────────────

  3) tests/native-ui.spec.ts:239:1 › Console task Start recovers both lost responses from state without duplicating Work 

    Error: browserType.launch: Executable doesn't exist at /Users/andrewgodowsky/Library/Caches/ms-playwright/chromium_headless_shell-1243/chrome-headless-shell-mac-arm64/chrome-headless-shell
    ╔════════════════════════════════════════════════════════════╗
    ║ Looks like Playwright was just installed or updated.       ║
    ║ Please run the following command to download new browsers: ║
    ║                                                            ║
    ║     npx playwright install                                 ║
    ║                                                            ║
    ║ <3 Playwright Team                                         ║
    ╚════════════════════════════════════════════════════════════╝

    Error Context: test-results/browser/native-ui-Console-task-Sta-51811-te-without-duplicating-Work/error-context.md

    Error Context: test-results/browser/native-ui-Console-task-Sta-51811-te-without-duplicating-Work/error-context.md

    attachment #3: trace (application/zip) ─────────────────────────────────────────────────────────
    test-results/browser/native-ui-Console-task-Sta-51811-te-without-duplicating-Work/trace.zip
    Usage:

        npx playwright show-trace test-results/browser/native-ui-Console-task-Sta-51811-te-without-duplicating-Work/trace.zip

    ────────────────────────────────────────────────────────────────────────────────────────────────

  4) tests/native-ui.spec.ts:306:1 › Console exact approval recovers both lost responses from durable state even with task permission 

    Error: browserType.launch: Executable doesn't exist at /Users/andrewgodowsky/Library/Caches/ms-playwright/chromium_headless_shell-1243/chrome-headless-shell-mac-arm64/chrome-headless-shell
    ╔════════════════════════════════════════════════════════════╗
    ║ Looks like Playwright was just installed or updated.       ║
    ║ Please run the following command to download new browsers: ║
    ║                                                            ║
    ║     npx playwright install                                 ║
    ║                                                            ║
    ║ <3 Playwright Team                                         ║
    ╚════════════════════════════════════════════════════════════╝

    Error Context: test-results/browser/native-ui-Console-exact-ap-ef1ce-e-even-with-task-permission/error-context.md

    Error Context: test-results/browser/native-ui-Console-exact-ap-ef1ce-e-even-with-task-permission/error-context.md

    attachment #3: trace (application/zip) ─────────────────────────────────────────────────────────
    test-results/browser/native-ui-Console-exact-ap-ef1ce-e-even-with-task-permission/trace.zip
    Usage:

        npx playwright show-trace test-results/browser/native-ui-Console-exact-ap-ef1ce-e-even-with-task-permission/trace.zip

    ────────────────────────────────────────────────────────────────────────────────────────────────

  5) tests/native-ui.spec.ts:370:1 › Console New task makes a task, Ready shows it, and Start admits one run 

    Error: browserType.launch: Executable doesn't exist at /Users/andrewgodowsky/Library/Caches/ms-playwright/chromium_headless_shell-1243/chrome-headless-shell-mac-arm64/chrome-headless-shell
    ╔════════════════════════════════════════════════════════════╗
    ║ Looks like Playwright was just installed or updated.       ║
    ║ Please run the following command to download new browsers: ║
    ║                                                            ║
    ║     npx playwright install                                 ║
    ║                                                            ║
    ║ <3 Playwright Team                                         ║
    ╚════════════════════════════════════════════════════════════╝

    Error Context: test-results/browser/native-ui-Console-New-task-46751-it-and-Start-admits-one-run/error-context.md

    Error Context: test-results/browser/native-ui-Console-New-task-46751-it-and-Start-admits-one-run/error-context.md

    attachment #3: trace (application/zip) ─────────────────────────────────────────────────────────
    test-results/browser/native-ui-Console-New-task-46751-it-and-Start-admits-one-run/trace.zip
    Usage:

        npx playwright show-trace test-results/browser/native-ui-Console-New-task-46751-it-and-Start-admits-one-run/trace.zip

    ────────────────────────────────────────────────────────────────────────────────────────────────

  6) tests/native-ui.spec.ts:414:1 › Console retries a lost task creation response after reload and shows the durable receipt 

    Error: browserType.launch: Executable doesn't exist at /Users/andrewgodowsky/Library/Caches/ms-playwright/chromium_headless_shell-1243/chrome-headless-shell-mac-arm64/chrome-headless-shell
    ╔════════════════════════════════════════════════════════════╗
    ║ Looks like Playwright was just installed or updated.       ║
    ║ Please run the following command to download new browsers: ║
    ║                                                            ║
    ║     npx playwright install                                 ║
    ║                                                            ║
    ║ <3 Playwright Team                                         ║
    ╚════════════════════════════════════════════════════════════╝

    Error Context: test-results/browser/native-ui-Console-retries--68718-d-shows-the-durable-receipt/error-context.md

    Error Context: test-results/browser/native-ui-Console-retries--68718-d-shows-the-durable-receipt/error-context.md

    attachment #3: trace (application/zip) ─────────────────────────────────────────────────────────
    test-results/browser/native-ui-Console-retries--68718-d-shows-the-durable-receipt/trace.zip
    Usage:

        npx playwright show-trace test-results/browser/native-ui-Console-retries--68718-d-shows-the-durable-receipt/trace.zip

    ────────────────────────────────────────────────────────────────────────────────────────────────

  7) tests/native-ui.spec.ts:474:1 › Console closes a confirmed creation even if refreshing the Board fails 

    Error: browserType.launch: Executable doesn't exist at /Users/andrewgodowsky/Library/Caches/ms-playwright/chromium_headless_shell-1243/chrome-headless-shell-mac-arm64/chrome-headless-shell
    ╔════════════════════════════════════════════════════════════╗
    ║ Looks like Playwright was just installed or updated.       ║
    ║ Please run the following command to download new browsers: ║
    ║                                                            ║
    ║     npx playwright install                                 ║
    ║                                                            ║
    ║ <3 Playwright Team                                         ║
    ╚════════════════════════════════════════════════════════════╝

    Error Context: test-results/browser/native-ui-Console-closes-a-17e32--refreshing-the-Board-fails/error-context.md

    Error Context: test-results/browser/native-ui-Console-closes-a-17e32--refreshing-the-Board-fails/error-context.md

    attachment #3: trace (application/zip) ─────────────────────────────────────────────────────────
    test-results/browser/native-ui-Console-closes-a-17e32--refreshing-the-Board-fails/trace.zip
    Usage:

        npx playwright show-trace test-results/browser/native-ui-Console-closes-a-17e32--refreshing-the-Board-fails/trace.zip

    ────────────────────────────────────────────────────────────────────────────────────────────────

  8) tests/native-ui.spec.ts:499:1 › Console Start again restarts a faulted task through the same admission 

    Error: browserType.launch: Executable doesn't exist at /Users/andrewgodowsky/Library/Caches/ms-playwright/chromium_headless_shell-1243/chrome-headless-shell-mac-arm64/chrome-headless-shell
    ╔════════════════════════════════════════════════════════════╗
    ║ Looks like Playwright was just installed or updated.       ║
    ║ Please run the following command to download new browsers: ║
    ║                                                            ║
    ║     npx playwright install                                 ║
    ║                                                            ║
    ║ <3 Playwright Team                                         ║
    ╚════════════════════════════════════════════════════════════╝

    Error Context: test-results/browser/native-ui-Console-Start-ag-ab8ca--through-the-same-admission/error-context.md

    Error Context: test-results/browser/native-ui-Console-Start-ag-ab8ca--through-the-same-admission/error-context.md

    attachment #3: trace (application/zip) ─────────────────────────────────────────────────────────
    test-results/browser/native-ui-Console-Start-ag-ab8ca--through-the-same-admission/trace.zip
    Usage:

        npx playwright show-trace test-results/browser/native-ui-Console-Start-ag-ab8ca--through-the-same-admission/trace.zip

    ────────────────────────────────────────────────────────────────────────────────────────────────

  9) tests/native-ui.spec.ts:539:3 › Console document selection at creation proposes the exact file and retains History attribution 

    Error: browserType.launch: Executable doesn't exist at /Users/andrewgodowsky/Library/Caches/ms-playwright/chromium_headless_shell-1243/chrome-headless-shell-mac-arm64/chrome-headless-shell
    ╔════════════════════════════════════════════════════════════╗
    ║ Looks like Playwright was just installed or updated.       ║
    ║ Please run the following command to download new browsers: ║
    ║                                                            ║
    ║     npx playwright install                                 ║
    ║                                                            ║
    ║ <3 Playwright Team                                         ║
    ╚════════════════════════════════════════════════════════════╝

    Error Context: test-results/browser/native-ui-Console-document-6a96c-retains-History-attribution/error-context.md

    Error Context: test-results/browser/native-ui-Console-document-6a96c-retains-History-attribution/error-context.md

    attachment #3: trace (application/zip) ─────────────────────────────────────────────────────────
    test-results/browser/native-ui-Console-document-6a96c-retains-History-attribution/trace.zip
    Usage:

        npx playwright show-trace test-results/browser/native-ui-Console-document-6a96c-retains-History-attribution/trace.zip

    ────────────────────────────────────────────────────────────────────────────────────────────────

  10) tests/native-ui.spec.ts:539:3 › Console document selection at start proposes the exact file and retains History attribution 

    Error: browserType.launch: Executable doesn't exist at /Users/andrewgodowsky/Library/Caches/ms-playwright/chromium_headless_shell-1243/chrome-headless-shell-mac-arm64/chrome-headless-shell
    ╔════════════════════════════════════════════════════════════╗
    ║ Looks like Playwright was just installed or updated.       ║
    ║ Please run the following command to download new browsers: ║
    ║                                                            ║
    ║     npx playwright install                                 ║
    ║                                                            ║
    ║ <3 Playwright Team                                         ║
    ╚════════════════════════════════════════════════════════════╝

    Error Context: test-results/browser/native-ui-Console-document-76145-retains-History-attribution/error-context.md

    Error Context: test-results/browser/native-ui-Console-document-76145-retains-History-attribution/error-context.md

    attachment #3: trace (application/zip) ─────────────────────────────────────────────────────────
    test-results/browser/native-ui-Console-document-76145-retains-History-attribution/trace.zip
    Usage:

        npx playwright show-trace test-results/browser/native-ui-Console-document-76145-retains-History-attribution/trace.zip

    ────────────────────────────────────────────────────────────────────────────────────────────────

  11) tests/native-ui.spec.ts:626:1 › Console document selection blocks stale paths and listing failures without admitting work 

    Error: browserType.launch: Executable doesn't exist at /Users/andrewgodowsky/Library/Caches/ms-playwright/chromium_headless_shell-1243/chrome-headless-shell-mac-arm64/chrome-headless-shell
    ╔════════════════════════════════════════════════════════════╗
    ║ Looks like Playwright was just installed or updated.       ║
    ║ Please run the following command to download new browsers: ║
    ║                                                            ║
    ║     npx playwright install                                 ║
    ║                                                            ║
    ║ <3 Playwright Team                                         ║
    ╚════════════════════════════════════════════════════════════╝

    Error Context: test-results/browser/native-ui-Console-document-02070-ures-without-admitting-work/error-context.md

    Error Context: test-results/browser/native-ui-Console-document-02070-ures-without-admitting-work/error-context.md

    attachment #3: trace (application/zip) ─────────────────────────────────────────────────────────
    test-results/browser/native-ui-Console-document-02070-ures-without-admitting-work/trace.zip
    Usage:

        npx playwright show-trace test-results/browser/native-ui-Console-document-02070-ures-without-admitting-work/trace.zip

    ────────────────────────────────────────────────────────────────────────────────────────────────

  12) tests/native-ui.spec.ts:662:1 › Cloud sharing selects an exact future path before AI review can send it 

    Error: browserType.launch: Executable doesn't exist at /Users/andrewgodowsky/Library/Caches/ms-playwright/chromium_headless_shell-1243/chrome-headless-shell-mac-arm64/chrome-headless-shell
    ╔════════════════════════════════════════════════════════════╗
    ║ Looks like Playwright was just installed or updated.       ║
    ║ Please run the following command to download new browsers: ║
    ║                                                            ║
    ║     npx playwright install                                 ║
    ║                                                            ║
    ║ <3 Playwright Team                                         ║
    ╚════════════════════════════════════════════════════════════╝

    Error Context: test-results/browser/native-ui-Cloud-sharing-se-347c9-efore-AI-review-can-send-it/error-context.md

    Error Context: test-results/browser/native-ui-Cloud-sharing-se-347c9-efore-AI-review-can-send-it/error-context.md

    attachment #3: trace (application/zip) ─────────────────────────────────────────────────────────
    test-results/browser/native-ui-Cloud-sharing-se-347c9-efore-AI-review-can-send-it/trace.zip
    Usage:

        npx playwright show-trace test-results/browser/native-ui-Cloud-sharing-se-347c9-efore-AI-review-can-send-it/trace.zip

    ────────────────────────────────────────────────────────────────────────────────────────────────

  13) tests/ui.spec.ts:218:1 › F01-F02: first run preserves detail and approvals, supports AI skip, and resumes 

    Error: browserType.launch: Executable doesn't exist at /Users/andrewgodowsky/Library/Caches/ms-playwright/chromium_headless_shell-1243/chrome-headless-shell-mac-arm64/chrome-headless-shell
    ╔════════════════════════════════════════════════════════════╗
    ║ Looks like Playwright was just installed or updated.       ║
    ║ Please run the following command to download new browsers: ║
    ║                                                            ║
    ║     npx playwright install                                 ║
    ║                                                            ║
    ║ <3 Playwright Team                                         ║
    ╚════════════════════════════════════════════════════════════╝

    Error Context: test-results/browser/ui-F01-F02-first-run-prese-21699-upports-AI-skip-and-resumes/error-context.md

    attachment #2: trace (application/zip) ─────────────────────────────────────────────────────────
    test-results/browser/ui-F01-F02-first-run-prese-21699-upports-AI-skip-and-resumes/trace.zip
    Usage:

        npx playwright show-trace test-results/browser/ui-F01-F02-first-run-prese-21699-upports-AI-skip-and-resumes/trace.zip

    ────────────────────────────────────────────────────────────────────────────────────────────────

  13 failed
    tests/field.spec.ts:115:1 › C01: the rail lists threads, carries New, marks the selection, and offers the three views 
    tests/native-ui.spec.ts:130:1 › Native UI: consent, exact proposal preview, approval, Review and History with an injected generator 
    tests/native-ui.spec.ts:239:1 › Console task Start recovers both lost responses from state without duplicating Work 
    tests/native-ui.spec.ts:306:1 › Console exact approval recovers both lost responses from durable state even with task permission 
    tests/native-ui.spec.ts:370:1 › Console New task makes a task, Ready shows it, and Start admits one run 
    tests/native-ui.spec.ts:414:1 › Console retries a lost task creation response after reload and shows the durable receipt 
    tests/native-ui.spec.ts:474:1 › Console closes a confirmed creation even if refreshing the Board fails 
    tests/native-ui.spec.ts:499:1 › Console Start again restarts a faulted task through the same admission 
    tests/native-ui.spec.ts:539:3 › Console document selection at creation proposes the exact file and retains History attribution 
    tests/native-ui.spec.ts:539:3 › Console document selection at start proposes the exact file and retains History attribution 
    tests/native-ui.spec.ts:626:1 › Console document selection blocks stale paths and listing failures without admitting work 
    tests/native-ui.spec.ts:662:1 › Cloud sharing selects an exact future path before AI review can send it 
    tests/ui.spec.ts:218:1 › F01-F02: first run preserves detail and approvals, supports AI skip, and resumes 
  23 did not run
exit=1
