{
  "kind": "runtime-capability-probe",
  "driver": "node:sqlite",
  "platform": "win32",
  "arch": "x64",
  "node": "22.23.2",
  "electron": null,
  "sqlite": "3.51.3",
  "passed": 4,
  "failed": 0,
  "checks": [
    "composite tenant and record key",
    "duplicate key refused",
    "transaction rollback",
    "FTS5 available"
  ],
  "scope": "In-memory runtime probe only; not packaged-app, persistence/crash, macOS or W01 qualification."
}
(node:43972) ExperimentalWarning: SQLite is an experimental feature and might change at any time
(Use `node --trace-warnings ...` to show where the warning was created)
