
 RUN  v3.2.7 F:/Diomedes/diomedes-wt/accounts-security-personal-access

 ✓ tests/individual-plan.test.ts (16 tests) 671ms
 ❯ tests/agent-admission-answer.test.ts (24 tests | 3 failed) 1013ms
   ✓ a malformed admission answer is a refusal > 200 {}: entitlement_unknown, not a throw, and never cached 96ms
   ✓ a malformed admission answer is a refusal > 200 not JSON: entitlement_unknown, not a throw, and never cached 45ms
   ✓ a malformed admission answer is a refusal > 200 null: entitlement_unknown, not a throw, and never cached 40ms
   ✓ a malformed admission answer is a refusal > no decision: entitlement_unknown, not a throw, and never cached 37ms
   ✓ a malformed admission answer is a refusal > decision.admitted is a string: entitlement_unknown, not a throw, and never cached 41ms
   ✓ a malformed admission answer is a refusal > decision.admitted is a number: entitlement_unknown, not a throw, and never cached 40ms
   ✓ a malformed admission answer is a refusal > admitted without admissionId: entitlement_unknown, not a throw, and never cached 37ms
   ✓ a malformed admission answer is a refusal > admitted with an empty admissionId: entitlement_unknown, not a throw, and never cached 42ms
   ✓ a malformed admission answer is a refusal > admitted without pins: entitlement_unknown, not a throw, and never cached 46ms
   ✓ a malformed admission answer is a refusal > admitted with pins missing personId: entitlement_unknown, not a throw, and never cached 41ms
   ✓ a malformed admission answer is a refusal > admitted with a policyRevision that is not a number: entitlement_unknown, not a throw, and never cached 41ms
   ✓ a malformed admission answer is a refusal > validUntil is not a time: entitlement_unknown, not a throw, and never cached 41ms
   ✓ a malformed admission answer is a refusal > validUntil is missing: entitlement_unknown, not a throw, and never cached 45ms
   ✓ a malformed admission answer is a refusal > validUntil is a number: entitlement_unknown, not a throw, and never cached 43ms
   ✓ a malformed admission answer is a refusal > admitted for another business: entitlement_unknown, not a throw, and never cached 42ms
   ✓ a malformed admission answer is a refusal > refused without a reason: entitlement_unknown, not a throw, and never cached 35ms
   ✓ a malformed admission answer is a refusal > refused without a code: entitlement_unknown, not a throw, and never cached 40ms
   × a malformed admission answer is a refusal > a malformed answer replaces a cached admission instead of leaving it in place 40ms
     → expected { admitted: false, …(2) } to match object { admitted: true }
(2 matching properties omitted from actual)
   ✓ a malformed admission answer is a refusal > through the gate: a refusal the person reads, with the code that ends nothing 39ms
   ✓ a malformed admission answer is a refusal > a well-formed refusal is still the service’s own decision 39ms
   ✓ a valid admission is cached for at most 60 seconds > from the faux service itself: reused for a dispatch while fresh, asked again after it 37ms
   × a valid admission is cached for at most 60 seconds > a validUntil the service sets further out is still held for only 60 seconds 32ms
     → expected { admitted: false, …(2) } to match object { admitted: true, …(2) }
(2 matching properties omitted from actual)
   × a valid admission is cached for at most 60 seconds > a validUntil sooner than a minute is kept as the service set it 34ms
     → expected NaN to be 1790596468629 // Object.is equality
   ✓ a valid admission is cached for at most 60 seconds > the admit phase always asks the service, even with a fresh decision cached 37ms

⎯⎯⎯⎯⎯⎯⎯ Failed Tests 3 ⎯⎯⎯⎯⎯⎯⎯

 FAIL  tests/agent-admission-answer.test.ts > a malformed admission answer is a refusal > a malformed answer replaces a cached admission instead of leaving it in place
AssertionError: expected { admitted: false, …(2) } to match object { admitted: true }
(2 matching properties omitted from actual)

- Expected
+ Received

  {
-   "admitted": true,
+   "admitted": false,
  }

 ❯ tests/agent-admission-answer.test.ts:127:5
    125|     const session = await signedIn();
    126|     answer = () => json(200, admitted(inAMinute()));
    127|     await expect(admit(session)).resolves.toMatchObject({ admitted: tr…
       |     ^
    128|     answer = () => json(200, admitted('soon'));
    129|     await expect(admit(session)).resolves.toMatchObject({ admitted: fa…

⎯⎯⎯⎯⎯⎯⎯⎯⎯⎯⎯⎯⎯⎯⎯⎯⎯⎯⎯⎯⎯⎯⎯⎯[1/3]⎯

 FAIL  tests/agent-admission-answer.test.ts > a valid admission is cached for at most 60 seconds > a validUntil the service sets further out is still held for only 60 seconds
AssertionError: expected { admitted: false, …(2) } to match object { admitted: true, …(2) }
(2 matching properties omitted from actual)

- Expected
+ Received

  {
-   "admissionId": "agent_admission_00000000-0000-4000-8000-000000000001",
-   "admitted": true,
-   "policyRevision": 3,
+   "admitted": false,
  }

 ❯ tests/agent-admission-answer.test.ts:177:22
    175|     answer = () => json(200, admitted(new Date(clock + 3_600_000).toIS…
    176|     const decision = await admit(session);
    177|     expect(decision).toMatchObject({ admitted: true, admissionId: 'age…
       |                      ^
    178|     expect(Date.parse((decision as { validUntil: string }).validUntil)…
    179|     clock += 60_001;

⎯⎯⎯⎯⎯⎯⎯⎯⎯⎯⎯⎯⎯⎯⎯⎯⎯⎯⎯⎯⎯⎯⎯⎯[2/3]⎯

 FAIL  tests/agent-admission-answer.test.ts > a valid admission is cached for at most 60 seconds > a validUntil sooner than a minute is kept as the service set it
AssertionError: expected NaN to be 1790596468629 // Object.is equality

- Expected
+ Received

- 1790596468629
+ NaN

 ❯ tests/agent-admission-answer.test.ts:188:73
    186|     answer = () => json(200, admitted(new Date(clock + 10_000).toISOSt…
    187|     const decision = await admit(session);
    188|     expect(Date.parse((decision as { validUntil: string }).validUntil)…
       |                                                                         ^
    189|     clock += 9_000;
    190|     await admit(session, 'dispatch');

⎯⎯⎯⎯⎯⎯⎯⎯⎯⎯⎯⎯⎯⎯⎯⎯⎯⎯⎯⎯⎯⎯⎯⎯[3/3]⎯


 Test Files  1 failed | 1 passed (2)
      Tests  3 failed | 37 passed (40)
   Start at  07:54:15
   Duration  3.71s (transform 492ms, setup 0ms, collect 1.23s, tests 1.68s, environment 0ms, prepare 156ms)

