Published 0.1.6 installed, launched, populated and relaunched with persistent synthetic project/tasks/history/settings/files
Installed 0.1.6 Settings updater discovered and downloaded real public 0.1.7; staged bytes match published SHA-256 and size
{"passed":false,"checks":2,"error":"Error: ENOENT: no such file or directory, scandir 'F:\\Diomedes\\diomedes-wt\\customer-upgrade-evidence\\test-results\\customer-upgrade-0.1.7\\run-04\\data\\update-handoff'\n    at async Object.readdir (node:internal/fs/promises:955:18)\n    at async expect.poll.timeout (file:///F:/Diomedes/diomedes-wt/customer-upgrade-evidence/evidence/customer-upgrade-0.1.7/runtime-proof.mjs:126:19)\n    at async F:\\Diomedes\\diomedes\\node_modules\\playwright\\lib\\matchers\\expect.js:13391:19\n    at async raceAgainstDeadline (F:\\Diomedes\\diomedes\\node_modules\\playwright-core\\lib\\coreBundle.js:4602:10)\n    at async pollAgainstDeadline (F:\\Diomedes\\diomedes\\node_modules\\playwright-core\\lib\\coreBundle.js:4623:22)\n    at async invokePollMatcher (F:\\Diomedes\\diomedes\\node_modules\\playwright\\lib\\matchers\\expect.js:13388:18)\n    at async file:///F:/Diomedes/diomedes-wt/customer-upgrade-evidence/evidence/customer-upgrade-0.1.7/runtime-proof.mjs:124:3"}
{
  "startedAt": "2026-09-23T02:32:22.7818248Z",
  "runRoot": "F:\\Diomedes\\diomedes-wt\\customer-upgrade-evidence\\test-results\\customer-upgrade-0.1.7\\run-04",
  "installTarget": "F:\\Diomedes\\diomedes-wt\\customer-upgrade-evidence\\test-results\\customer-upgrade-0.1.7\\run-04\\installation",
  "originalInstall": "C:\\Users\\andre\\AppData\\Local\\Programs\\Diomedes Experimental 20260909",
  "host": {
    "os": "Microsoft Windows NT 10.0.26200.0",
    "architecture": "X64"
  },
  "priorInstaller": {
    "sha256": "b63007a600872316949bf8cdc2b2cf757a7d75c0fd728b2da2c13486f30a351d",
    "bytes": 266387557,
    "url": "https://github.com/andrewgodowsky-aoa/diomedes/releases/download/v0.1.6/Diomedes-Experimental-0.1.6-unsigned-setup.exe",
    "exitCode": 0
  },
  "priorRegistration": {
    "installDir": "F:\\Diomedes\\diomedes-wt\\customer-upgrade-evidence\\test-results\\customer-upgrade-0.1.7\\run-04\\installation",
    "productId": "Diomedes.Experimental.8c27d61a-1919-4b12-9df7-20260909e001",
    "displayVersion": "0.1.6",
    "shortcutTarget": "F:\\Diomedes\\diomedes-wt\\customer-upgrade-evidence\\test-results\\customer-upgrade-0.1.7\\run-04\\installation\\app\\Diomedes.exe"
  },
  "upgradedRegistration": null,
  "runtimeExit": 1,
  "registrationRestored": true,
  "originalInstallUnchanged": true,
  "taskbarPinsUnchanged": true,
  "taskbandUnchanged": true,
  "pendingRestoreCleared": true,
  "passed": false,
  "error": "Installed updater/runtime proof failed; see runtime-proof.json",
  "registrationRestoreResult": "restored",
  "originalInstallFileCount": 78,
  "finishedAt": "2026-09-23T02:32:46.6599571Z"
}
