vite v7.3.6 building client environment for production...
transforming...
✓ 67 modules transformed.
rendering chunks...
computing gzip size...
dist/index.html                                                      0.46 kB │ gzip:   0.31 kB
dist/assets/ibm-plex-mono-vietnamese-500-normal-C8zxqsMH.woff        5.62 kB
dist/assets/ibm-plex-mono-vietnamese-400-normal-DDuiU_S-.woff        5.62 kB
dist/assets/ibm-plex-mono-cyrillic-ext-500-normal-BIfNGwUT.woff      5.77 kB
dist/assets/ibm-plex-mono-cyrillic-ext-400-normal-DMdlQ8Kv.woff      5.82 kB
dist/assets/ibm-plex-mono-vietnamese-400-normal-BulugwFq.woff2       5.87 kB
dist/assets/ibm-plex-mono-vietnamese-500-normal-DZ4AoWbu.woff2       6.04 kB
dist/assets/ibm-plex-mono-cyrillic-ext-400-normal-xuaO2J-f.woff2     6.91 kB
dist/assets/ibm-plex-mono-cyrillic-ext-500-normal-BqneJy0T.woff2     6.97 kB
dist/assets/ibm-plex-mono-cyrillic-400-normal-CEL4l2ZJ.woff          7.20 kB
dist/assets/ibm-plex-mono-cyrillic-500-normal-Ael50iVv.woff          7.21 kB
dist/assets/ibm-plex-mono-cyrillic-400-normal-BSMlKf0J.woff2         8.36 kB
dist/assets/ibm-plex-mono-cyrillic-500-normal-Bq9vWWag.woff2         8.46 kB
dist/assets/schibsted-grotesk-latin-ext-400-normal-DHVTfbSM.woff2   11.50 kB
dist/assets/schibsted-grotesk-latin-ext-500-normal-Ch1izu81.woff2   11.66 kB
dist/assets/schibsted-grotesk-latin-ext-600-normal-C5pQPdUJ.woff2   11.73 kB
dist/assets/ibm-plex-mono-latin-ext-400-normal-D3D2R8hC.woff        11.77 kB
dist/assets/ibm-plex-mono-latin-ext-500-normal-CZ70TYgx.woff        11.77 kB
dist/assets/ibm-plex-mono-latin-400-normal-CvHOgSBP.woff            13.14 kB
dist/assets/ibm-plex-mono-latin-500-normal-CB9ihrfo.woff            13.16 kB
dist/assets/ibm-plex-mono-latin-ext-400-normal-BmRBH3aV.woff2       13.35 kB
dist/assets/ibm-plex-mono-latin-ext-500-normal-CAhNIIs5.woff2       13.43 kB
dist/assets/ibm-plex-mono-latin-400-normal-DMJ8VG8y.woff2           14.71 kB
dist/assets/ibm-plex-mono-latin-500-normal-DSY6xOcd.woff2           14.89 kB
dist/assets/schibsted-grotesk-latin-ext-400-normal-DUPvg9bQ.woff    15.36 kB
dist/assets/schibsted-grotesk-latin-ext-500-normal-BjmYCtCC.woff    15.65 kB
dist/assets/schibsted-grotesk-latin-ext-600-normal-DQsnXf5q.woff    15.66 kB
dist/assets/schibsted-grotesk-latin-400-normal-DPhJBilQ.woff2       24.34 kB
dist/assets/schibsted-grotesk-latin-600-normal-Czv9Obfv.woff2       25.18 kB
dist/assets/schibsted-grotesk-latin-500-normal-rf9C4Thp.woff2       25.22 kB
dist/assets/schibsted-grotesk-latin-400-normal-BkiRe4WW.woff        29.93 kB
dist/assets/schibsted-grotesk-latin-500-normal-Ba39e-CX.woff        30.80 kB
dist/assets/schibsted-grotesk-latin-600-normal-BieE9YjJ.woff        30.88 kB
dist/assets/index-Cpbm9VLD.css                                      98.12 kB │ gzip:  17.78 kB
dist/assets/index-DOVx-e31.js                                      378.38 kB │ gzip: 114.01 kB
✓ built in 750ms
