{"passed":false,"checks":0,"error":"Error: expect(locator).toBeVisible() failed\n\nLocator: getByRole('main', { name: 'Diomedes', exact: true })\nExpected: visible\nTimeout: 5000ms\nError: element(s) not found\n\nCall log:\n  - Expect \"toBeVisible\" getByRole('main', { name: 'Diomedes', exact: true }) with timeout 5000ms\n  - waiting for getByRole('main', { name: 'Diomedes', exact: true })\n\n    at captureRawStack (F:\\Diomedes\\diomedes\\node_modules\\playwright-core\\lib\\coreBundle.js:8588:17)\n    at callMatcherAsStep (F:\\Diomedes\\diomedes\\node_modules\\playwright\\lib\\matchers\\expect.js:13310:57)\n    at Object.toBeVisible (F:\\Diomedes\\diomedes\\node_modules\\playwright\\lib\\matchers\\expect.js:13302:23)\n    at F:\\Diomedes\\diomedes-wt\\customer-upgrade-evidence\\evidence\\customer-upgrade-0.1.7\\runtime-proof.mjs:87:75"}
{
  "startedAt": "2026-09-23T02:27:34.2694727Z",
  "runRoot": "F:\\Diomedes\\diomedes-wt\\customer-upgrade-evidence\\test-results\\customer-upgrade-0.1.7\\run-01",
  "installTarget": "F:\\Diomedes\\diomedes-wt\\customer-upgrade-evidence\\test-results\\customer-upgrade-0.1.7\\run-01\\installation",
  "host": {
    "os": "Microsoft Windows NT 10.0.26200.0",
    "architecture": "X64"
  },
  "priorInstaller": {
    "sha256": "b63007a600872316949bf8cdc2b2cf757a7d75c0fd728b2da2c13486f30a351d",
    "bytes": 266387557,
    "url": "https://github.com/andrewgodowsky-aoa/diomedes/releases/download/v0.1.6/Diomedes-Experimental-0.1.6-unsigned-setup.exe",
    "exitCode": 0
  },
  "priorRegistration": {
    "installDir": "F:\\Diomedes\\diomedes-wt\\customer-upgrade-evidence\\test-results\\customer-upgrade-0.1.7\\run-01\\installation",
    "productId": "Diomedes.Experimental.8c27d61a-1919-4b12-9df7-20260909e001",
    "displayVersion": "0.1.6",
    "shortcutTarget": "F:\\Diomedes\\diomedes-wt\\customer-upgrade-evidence\\test-results\\customer-upgrade-0.1.7\\run-01\\installation\\app\\Diomedes.exe"
  },
  "upgradedRegistration": null,
  "runtimeExit": 1,
  "registrationRestored": true,
  "originalInstallUnchanged": true,
  "taskbarPinsUnchanged": true,
  "taskbandUnchanged": true,
  "pendingRestoreCleared": true,
  "passed": false,
  "error": "Installed updater/runtime proof failed; see runtime-proof.json",
  "registrationRestoreResult": "restored",
  "originalInstallFileCount": 0,
  "finishedAt": "2026-09-23T02:28:29.2097727Z"
}
