[WebServer] Diomedes: http://127.0.0.1:5187. Press Ctrl+C to stop both local processes.
[WebServer] (node:50136) Warning: The 'NO_COLOR' env is ignored due to the 'FORCE_COLOR' env being set.
[WebServer] (Use `node --trace-warnings ...` to show where the warning was created)
[WebServer] 
[WebServer]   VITE v7.3.6  ready in 455 ms
[WebServer] 
[WebServer]   ➜  Local:   http://127.0.0.1:5187/
[WebServer] (node:31724) Warning: The 'NO_COLOR' env is ignored due to the 'FORCE_COLOR' env being set.
[WebServer] (Use `node --trace-warnings ...` to show where the warning was created)
[WebServer] Diomedes local service ready: http://127.0.0.1:47647
[WebServer] App data: F:\Achilles\diomedes-wt\windows-release\test-results\app-data-1788947493240-47848\data
[WebServer] Project root: F:\Achilles\diomedes-wt\windows-release\test-results\app-data-1788947493240-47848\projects

Running 27 tests using 1 worker

(node:37640) Warning: The 'NO_COLOR' env is ignored due to the 'FORCE_COLOR' env being set.
(Use `node --trace-warnings ...` to show where the warning was created)
  ok  1 tests\field.spec.ts:102:1 › C01: the rail lists threads, carries New, marks the selection, and offers the three views (1.5s)
  ok  2 tests\field.spec.ts:122:1 › C02: the view switch swaps Thread, Board, and Team (481ms)
  ok  3 tests\field.spec.ts:137:1 › C03: the Board shows the Ready task, and Show-me-first confirms instead of starting (557ms)
  ok  4 tests\field.spec.ts:165:1 › C04: the palette finds and filters, Escape closes, and the Workbook keeps its own search (734ms)
  ok  5 tests\field.spec.ts:201:1 › C05: the wake is skipped under automation (410ms)
  ok  6 tests\field.spec.ts:208:1 › C06: the Ember scheme applies its package and token, then Field is restored (721ms)
  ok  7 tests\field.spec.ts:233:1 › C07: the thread head states the exact-OK rule while an approval is open (575ms)
  x   8 tests\native-ui.spec.ts:115:1 › Native UI: consent, exact proposal preview, approval, Review and History with an injected generator (0ms)
  -   9 tests\native-ui.spec.ts:207:1 › Console task Start recovers both lost responses from state without duplicating Work
  -  10 tests\native-ui.spec.ts:273:1 › Console exact approval recovers both lost responses from durable state even with task permission
(node:50168) Warning: The 'NO_COLOR' env is ignored due to the 'FORCE_COLOR' env being set.
(Use `node --trace-warnings ...` to show where the warning was created)
  ok 11 tests\ui.spec.ts:55:1 › F01-F02: first run resumes, chooses a surface, and opens the selected surface (1.8s)
  ok 12 tests\ui.spec.ts:146:1 › F04, F06: sample project opens and a plan edit survives reload with History (819ms)
  ok 13 tests\ui.spec.ts:186:1 › F10: plan steps become real tasks with provenance and a History entry (879ms)
  ok 14 tests\ui.spec.ts:213:1 › F11-F13: work asks twice, decline skips creation, and the remaining change is recorded (5.0s)
  ok 15 tests\ui.spec.ts:256:1 › F15-F16: Review keeps the changed file and History exposes the recorded change (656ms)
  ok 16 tests\ui.spec.ts:271:1 › F07-F08: restore and Undo recover both versions; newer edits expose conflict choices (1.1s)
  ok 17 tests\ui.spec.ts:312:1 › F14: Stop settles a started sample promptly and expires its approval (989ms)
  ok 18 tests\ui.spec.ts:327:1 › F17, F20-F22: surface switches preserve data; visible pages meet copy and layout checks (2.4s)
  ok 19 tests\ui.spec.ts:458:1 › Draft recovery: Settings, reload and same-named files in separate projects preserve writing and stale-save conflicts (2.2s)
  ok 20 tests\ui.spec.ts:554:1 › Services roster: every reported engine listed with switch discipline; Guided hides non-ready adapters; Console has no Connections (2.7s)
  ok 21 tests\ui.spec.ts:613:1 › Usage: chip, signal bar and Settings bars from the test-mode snapshot (695ms)
  ok 22 tests\ui.spec.ts:661:1 › Landing: ask box carries a draft into the chosen project (491ms)
  ok 23 tests\ui.spec.ts:701:1 › Verified helper: a helper turn shows its runtime caption (487ms)
  ok 24 tests\ui.spec.ts:711:1 › Engine choices: the list comes from the engine, and the levels follow the choice (595ms)
  ok 25 tests\ui.spec.ts:794:1 › Modes: the Workbook composer shows four modes and Fix needs what is failing (596ms)
  ok 26 tests\ui.spec.ts:844:1 › Enter sends from the Workbook composer and Shift+Enter adds a line (523ms)
  ok 27 tests\ui.spec.ts:873:1 › Usage: navigation preserves a concurrent engine setting while refresh is delayed (431ms)


  1) tests\native-ui.spec.ts:115:1 › Native UI: consent, exact proposal preview, approval, Review and History with an injected generator 

    Error: ENOENT: no such file or directory, access 'F:\Achilles\diomedes-wt\windows-release\dist\index.html'

      83 |   });
      84 |   const dist = path.resolve('dist');
    > 85 |   await fs.access(path.join(dist, 'index.html'));
         |   ^
      86 |   await expectFreshBundle(dist);
      87 |   application.use(express.static(dist));
      88 |   application.get('/{*path}', (_request, response) => response.sendFile(path.join(dist, 'index.html')));
        at F:\Achilles\diomedes-wt\windows-release\tests\native-ui.spec.ts:85:3

    Error Context: test-results\browser\native-ui-Native-UI-consen-8e078--with-an-injected-generator\error-context.md

    Error Context: test-results\browser\native-ui-Native-UI-consen-8e078--with-an-injected-generator\error-context.md

    attachment #3: trace (application/zip) ─────────────────────────────────────────────────────────
    test-results\browser\native-ui-Native-UI-consen-8e078--with-an-injected-generator\trace.zip
    Usage:

        npx playwright show-trace test-results\browser\native-ui-Native-UI-consen-8e078--with-an-injected-generator\trace.zip

    ────────────────────────────────────────────────────────────────────────────────────────────────

  1 failed
    tests\native-ui.spec.ts:115:1 › Native UI: consent, exact proposal preview, approval, Review and History with an injected generator 
  2 did not run
  24 passed (33.8s)
