[WebServer] (node:44312) Warning: The 'NO_COLOR' env is ignored due to the 'FORCE_COLOR' env being set.
[WebServer] (Use `node --trace-warnings ...` to show where the warning was created)

Running 1 test using 1 worker

(node:16080) Warning: The 'NO_COLOR' env is ignored due to the 'FORCE_COLOR' env being set.
(Use `node --trace-warnings ...` to show where the warning was created)
  x  1 tests\connections-ui.spec.ts:4:1 › Connections works through ordinary Console and Workbook navigation (13.0s)


  1) tests\connections-ui.spec.ts:4:1 › Connections works through ordinary Console and Workbook navigation 

    Error: expect(locator).toBeVisible() failed

    Locator: getByText('completed / 3 scripted model calls / 1 tool calls')
    Expected: visible
    Timeout: 12000ms
    Error: element(s) not found

    Call log:
      - Expect "toBeVisible" getByText('completed / 3 scripted model calls / 1 tool calls') with timeout 12000ms
      - waiting for getByText('completed / 3 scripted model calls / 1 tool calls')


      24 |   await expect(page.getByRole('cell', { name: 'Not tracked', exact: true })).toHaveCount(3);
      25 |   await page.getByRole('button', { name: 'Run correction demo' }).click();
    > 26 |   await expect(page.getByText('completed / 3 scripted model calls / 1 tool calls')).toBeVisible();
         |                                                                                     ^
      27 |   await page.getByRole('button', { name: 'Propose improvement from corrections' }).click();
      28 |   await expect(page.getByLabel('Rule revision proposal')).toBeVisible();
      29 |   await page.getByRole('button', { name: 'Adopt reviewed revision' }).click();
        at F:\Achilles\diomedes-wt\windows-release\tests\connections-ui.spec.ts:26:85

    attachment #1: screenshot (image/png) ──────────────────────────────────────────────────────────
    test-results\browser\connections-ui-Connections-c46ed-ole-and-Workbook-navigation\test-failed-1.png
    ────────────────────────────────────────────────────────────────────────────────────────────────

    Error Context: test-results\browser\connections-ui-Connections-c46ed-ole-and-Workbook-navigation\error-context.md

    attachment #3: trace (application/zip) ─────────────────────────────────────────────────────────
    test-results\browser\connections-ui-Connections-c46ed-ole-and-Workbook-navigation\trace.zip
    Usage:

        npx playwright show-trace test-results\browser\connections-ui-Connections-c46ed-ole-and-Workbook-navigation\trace.zip

    ────────────────────────────────────────────────────────────────────────────────────────────────

  1 failed
    tests\connections-ui.spec.ts:4:1 › Connections works through ordinary Console and Workbook navigation 
