guard: removed stale .dev-server.json
dev-server guard: ports 5174, 47632 already free
[WebServer] Diomedes: http://127.0.0.1:5174. Press Ctrl+C to stop both local processes.
[WebServer] (node:35081) Warning: The 'NO_COLOR' env is ignored due to the 'FORCE_COLOR' env being set.
[WebServer] (Use `node --trace-warnings ...` to show where the warning was created)
[WebServer] 
[WebServer]   VITE v7.3.6  ready in 134 ms
[WebServer] 
[WebServer]   ➜  Local:   http://127.0.0.1:5174/
[WebServer] 6:06:11 AM [vite] http proxy error: /api/settings
[WebServer] Error: connect ECONNREFUSED 127.0.0.1:47632
[WebServer]     at TCPConnectWrap.afterConnect [as oncomplete] (node:net:1638:16)
[WebServer] 6:06:12 AM [vite] http proxy error: /api/settings
[WebServer] Error: connect ECONNREFUSED 127.0.0.1:47632
[WebServer]     at TCPConnectWrap.afterConnect [as oncomplete] (node:net:1638:16)
[WebServer] (node:35080) Warning: The 'NO_COLOR' env is ignored due to the 'FORCE_COLOR' env being set.
[WebServer] (Use `node --trace-warnings ...` to show where the warning was created)
[WebServer] Diomedes local service ready: http://127.0.0.1:47632
[WebServer] App data: /Users/andrewgodowsky/Diomedes-dio128-verification/test-results/app-data-1790676371188-35003/data
[WebServer] Project root: /Users/andrewgodowsky/Diomedes-dio128-verification/test-results/app-data-1790676371188-35003/projects

Running 36 tests using 1 worker

(node:35096) Warning: The 'NO_COLOR' env is ignored due to the 'FORCE_COLOR' env being set.
(Use `node --trace-warnings ...` to show where the warning was created)
  ✓   1 tests/field.spec.ts:115:1 › C01: the rail lists threads, carries New, marks the selection, and offers the three views (2.2s)
  ✓   2 tests/field.spec.ts:135:1 › C02: the view switch swaps Thread, Board, and Team (785ms)
  ✓   3 tests/field.spec.ts:150:1 › C03: the Board shows the Ready task, and Show-me-first confirms instead of starting (905ms)
  ✓   4 tests/field.spec.ts:180:1 › C04: the palette finds and filters, Escape closes, and outside a project Ctrl+K finds a project (1.0s)
  ✓   5 tests/field.spec.ts:209:1 › C05: the wake is skipped under automation (617ms)
  ✓   6 tests/field.spec.ts:216:1 › C06: the Ember scheme applies its package and token, then Field is restored (1.2s)
  ✓   7 tests/field.spec.ts:241:1 › C07: the thread head states the exact-OK rule while an approval is open (942ms)
  ✓   8 tests/field.spec.ts:287:1 › C08: a mode chosen on the Projects page arrives with the ask (1.3s)
  ✓   9 tests/native-ui.spec.ts:130:1 › Native UI: consent, exact proposal preview, approval, Review and History with an injected generator (2.0s)
  ✓  10 tests/native-ui.spec.ts:239:1 › Console task Start recovers both lost responses from state without duplicating Work (1.5s)
  ✓  11 tests/native-ui.spec.ts:306:1 › Console exact approval recovers both lost responses from durable state even with task permission (1.2s)
  ✓  12 tests/native-ui.spec.ts:370:1 › Console New task makes a task, Ready shows it, and Start admits one run (781ms)
  ✓  13 tests/native-ui.spec.ts:414:1 › Console retries a lost task creation response after reload and shows the durable receipt (961ms)
  ✓  14 tests/native-ui.spec.ts:474:1 › Console closes a confirmed creation even if refreshing the Board fails (701ms)
  ✓  15 tests/native-ui.spec.ts:499:1 › Console Start again restarts a faulted task through the same admission (743ms)
  ✓  16 tests/native-ui.spec.ts:539:3 › Console document selection at creation proposes the exact file and retains History attribution (1.6s)
  ✓  17 tests/native-ui.spec.ts:539:3 › Console document selection at start proposes the exact file and retains History attribution (1.3s)
  ✓  18 tests/native-ui.spec.ts:626:1 › Console document selection blocks stale paths and listing failures without admitting work (1.1s)
  ✓  19 tests/native-ui.spec.ts:662:1 › Cloud sharing selects an exact future path before AI review can send it (829ms)
  ✓  20 tests/ui.spec.ts:218:1 › F01-F02: first run preserves detail and approvals, supports AI skip, and resumes (4.4s)
  ✓  21 tests/ui.spec.ts:402:1 › F04, F06: sample project opens and a plan edit survives reload with History (1.5s)
  ✓  22 tests/ui.spec.ts:470:1 › F10: plan steps become real tasks with provenance and a History entry (1.6s)
  ✓  23 tests/ui.spec.ts:518:1 › F11-F13: work asks twice, decline skips creation, and the remaining change is recorded (5.6s)
  ✓  24 tests/ui.spec.ts:628:1 › F15-F16: Review keeps the changed file and History exposes the recorded change (1.1s)
  ✓  25 tests/ui.spec.ts:675:1 › F07-F08: restore and undo recover both versions; newer edits are a conflict (1.2s)
  ✓  26 tests/ui.spec.ts:718:1 › F14: Stop settles a started sample promptly and expires its approval (1.1s)
  ✓  27 tests/ui.spec.ts:748:1 › F17, F20-F22: detail changes preserve data; the Console meets layout and motion checks (2.7s)
  ✓  28 tests/ui.spec.ts:902:1 › Draft recovery: Settings, reload and same-named files in separate projects preserve writing and stale-save conflicts (3.1s)
  ✓  29 tests/ui.spec.ts:1052:1 › Services roster: every reported engine listed with switch discipline at every detail level; Console has no Connections (1.6s)
  ✓  30 tests/ui.spec.ts:1128:1 › Usage: chip, signal bar and Settings bars from the test-mode snapshot (1.3s)
  ✓  31 tests/ui.spec.ts:1201:1 › Landing: ask box carries a draft into the chosen project (705ms)
  ✓  32 tests/ui.spec.ts:1261:1 › Unavailable helper: the application notice has no invented runtime caption (932ms)
  ✓  33 tests/ui.spec.ts:1277:1 › Engine choices: the list comes from the engine, and the levels follow the choice (871ms)
  ✓  34 tests/ui.spec.ts:1386:1 › Modes: the Console composer shows four modes and Fix needs what is failing (1.2s)
  ✓  35 tests/ui.spec.ts:1459:1 › Enter sends from the Console composer and Shift+Enter adds a line (966ms)
  ✓  36 tests/ui.spec.ts:1492:1 › Usage: a settings save preserves a concurrent engine setting while refresh is delayed (1.3s)

  36 passed (1.0m)
